2026-08-15 11:56:19,980 [INFO] === DoxHayx Shorts Pipeline 시작 (dry_run=False) ===
2026-08-15 11:56:19,981 [INFO] 자동 선택 주제 (day=227): 혈관 건강에 좋은 식품 TOP 3
2026-08-15 11:56:19,983 [WARNING] 썸네일 생성 실패 (건너뜀): No module named 'PIL'
2026-08-15 11:56:19,984 [INFO] FFmpeg 실행 중...
2026-08-15 11:56:36,350 [INFO] === DoxHayx Shorts Pipeline 시작 (dry_run=False) ===
2026-08-15 11:56:36,352 [INFO] 자동 선택 주제 (day=227): 혈관 건강에 좋은 식품 TOP 3
2026-08-15 11:56:36,357 [WARNING] 썸네일 생성 실패 (건너뜀): No module named 'PIL'
2026-08-15 11:56:36,370 [INFO] FFmpeg 실행 중...
2026-08-15 12:02:48,144 [INFO] === DoxHayx Shorts Pipeline 시작 (dry_run=False) ===
2026-08-15 12:02:48,144 [INFO] 자동 선택 주제 (day=227): 혈관 건강에 좋은 식품 TOP 3
2026-08-15 12:02:48,257 [INFO] 썸네일 생성: C:\Users\ACECOM\DoxHayx\my--shopping-mall\scripts\output\thumbnail_20260815.jpg
2026-08-15 12:02:48,258 [INFO] FFmpeg 실행 중...
2026-08-15 12:11:22,833 [INFO] === DoxHayx Shorts Pipeline 시작 (dry_run=False) ===
2026-08-15 12:11:22,837 [INFO] 자동 선택 주제 (day=227): 혈관 건강에 좋은 식품 TOP 3
2026-08-15 12:11:22,953 [INFO] 썸네일 생성: C:\Users\ACECOM\DoxHayx\my--shopping-mall\scripts\output\thumbnail_20260815.jpg
2026-08-15 12:11:22,960 [INFO] FFmpeg 실행 중...
2026-08-15 12:14:30,994 [INFO] === DoxHayx Shorts Pipeline 시작 (dry_run=False) ===
2026-08-15 12:14:30,995 [INFO] 자동 선택 주제 (day=227): 혈관 건강에 좋은 식품 TOP 3
2026-08-15 12:14:31,106 [INFO] 썸네일 생성: C:\Users\ACECOM\DoxHayx\my--shopping-mall\scripts\output\thumbnail_20260815.jpg
2026-08-15 12:14:31,108 [INFO] FFmpeg 실행 중...
2026-08-15 12:14:33,196 [ERROR] FFmpeg 오류:
ble-lcms2 --enable-libxml2 --enable-gmp --enable-bzlib --enable-lzma --enable-libsnappy --enable-zlib --enable-librist --enable-libsrt --enable-libssh --enable-libzmq --enable-avisynth --enable-libbluray --enable-libcaca --enable-libdvdnav --enable-libdvdread --enable-sdl2 --enable-libaribb24 --enable-libaribcaption --enable-libdav1d --enable-libdavs2 --enable-libopenjpeg --enable-libquirc --enable-libuavs3d --enable-libxevd --enable-libzvbi --enable-liboapv --enable-libqrencode --enable-librav1e --enable-libsvtav1 --enable-libvvenc --enable-libwebp --enable-libx264 --enable-libx265 --enable-libxavs2 --enable-libxeve --enable-libxvid --enable-libaom --enable-libjxl --enable-libsvtjpegxs --enable-libvpx --enable-mediafoundation --enable-libass --enable-frei0r --enable-libfreetype --enable-libfribidi --enable-libharfbuzz --enable-liblensfun --enable-libvidstab --enable-libvmaf --enable-libzimg --enable-amf --enable-cuda-llvm --enable-cuvid --enable-dxva2 --enable-d3d11va --enable-d3d12va --enable-ffnvcodec --enable-libvpl --enable-nvdec --enable-nvenc --enable-vaapi --enable-vulkan --enable-libplacebo --enable-opencl --enable-libcdio --enable-openal --enable-libgme --enable-libmodplug --enable-libopenmpt --enable-libopencore-amrwb --enable-libmp3lame --enable-libshine --enable-libtheora --enable-libtwolame --enable-libvo-amrwbenc --enable-libcodec2 --enable-libilbc --enable-libgsm --enable-liblc3 --enable-libopencore-amrnb --enable-libopus --enable-libspeex --enable-libvorbis --enable-ladspa --enable-libbs2b --enable-libflite --enable-libmysofa --enable-librubberband --enable-libsoxr --enable-chromaprint --enable-whisper
  libavutil      61.  1.100 / 61.  1.100
  libavcodec     63.  1.100 / 63.  1.100
  libavformat    63.  1.100 / 63.  1.100
  libavdevice    63.  1.100 / 63.  1.100
  libavfilter    12.  1.100 / 12.  1.100
  libswscale     10.  1.100 / 10.  1.100
  libswresample   7.  1.100 /  7.  1.100
Fontconfig error: Cannot load default config file: File not found

2026-08-15 12:15:39,584 [INFO] === DoxHayx Shorts Pipeline 시작 (dry_run=False) ===
2026-08-15 12:15:39,586 [INFO] 자동 선택 주제 (day=227): 혈관 건강에 좋은 식품 TOP 3
2026-08-15 12:15:39,709 [INFO] 썸네일 생성: C:\Users\ACECOM\DoxHayx\my--shopping-mall\scripts\output\thumbnail_20260815.jpg
2026-08-15 12:15:39,716 [INFO] FFmpeg 실행 중...
2026-08-15 12:15:41,584 [ERROR] FFmpeg 오류:
ble-lcms2 --enable-libxml2 --enable-gmp --enable-bzlib --enable-lzma --enable-libsnappy --enable-zlib --enable-librist --enable-libsrt --enable-libssh --enable-libzmq --enable-avisynth --enable-libbluray --enable-libcaca --enable-libdvdnav --enable-libdvdread --enable-sdl2 --enable-libaribb24 --enable-libaribcaption --enable-libdav1d --enable-libdavs2 --enable-libopenjpeg --enable-libquirc --enable-libuavs3d --enable-libxevd --enable-libzvbi --enable-liboapv --enable-libqrencode --enable-librav1e --enable-libsvtav1 --enable-libvvenc --enable-libwebp --enable-libx264 --enable-libx265 --enable-libxavs2 --enable-libxeve --enable-libxvid --enable-libaom --enable-libjxl --enable-libsvtjpegxs --enable-libvpx --enable-mediafoundation --enable-libass --enable-frei0r --enable-libfreetype --enable-libfribidi --enable-libharfbuzz --enable-liblensfun --enable-libvidstab --enable-libvmaf --enable-libzimg --enable-amf --enable-cuda-llvm --enable-cuvid --enable-dxva2 --enable-d3d11va --enable-d3d12va --enable-ffnvcodec --enable-libvpl --enable-nvdec --enable-nvenc --enable-vaapi --enable-vulkan --enable-libplacebo --enable-opencl --enable-libcdio --enable-openal --enable-libgme --enable-libmodplug --enable-libopenmpt --enable-libopencore-amrwb --enable-libmp3lame --enable-libshine --enable-libtheora --enable-libtwolame --enable-libvo-amrwbenc --enable-libcodec2 --enable-libilbc --enable-libgsm --enable-liblc3 --enable-libopencore-amrnb --enable-libopus --enable-libspeex --enable-libvorbis --enable-ladspa --enable-libbs2b --enable-libflite --enable-libmysofa --enable-librubberband --enable-libsoxr --enable-chromaprint --enable-whisper
  libavutil      61.  1.100 / 61.  1.100
  libavcodec     63.  1.100 / 63.  1.100
  libavformat    63.  1.100 / 63.  1.100
  libavdevice    63.  1.100 / 63.  1.100
  libavfilter    12.  1.100 / 12.  1.100
  libswscale     10.  1.100 / 10.  1.100
  libswresample   7.  1.100 /  7.  1.100
Fontconfig error: Cannot load default config file: File not found

2026-08-15 12:16:52,120 [INFO] === DoxHayx Shorts Pipeline 시작 (dry_run=False) ===
2026-08-15 12:16:52,121 [INFO] 자동 선택 주제 (day=227): 혈관 건강에 좋은 식품 TOP 3
2026-08-15 12:16:52,218 [INFO] 썸네일 생성: C:\Users\ACECOM\DoxHayx\my--shopping-mall\scripts\output\thumbnail_20260815.jpg
2026-08-15 12:16:52,220 [INFO] FFmpeg 실행 중...
2026-08-15 12:16:53,671 [ERROR] FFmpeg 오류:
ble-lcms2 --enable-libxml2 --enable-gmp --enable-bzlib --enable-lzma --enable-libsnappy --enable-zlib --enable-librist --enable-libsrt --enable-libssh --enable-libzmq --enable-avisynth --enable-libbluray --enable-libcaca --enable-libdvdnav --enable-libdvdread --enable-sdl2 --enable-libaribb24 --enable-libaribcaption --enable-libdav1d --enable-libdavs2 --enable-libopenjpeg --enable-libquirc --enable-libuavs3d --enable-libxevd --enable-libzvbi --enable-liboapv --enable-libqrencode --enable-librav1e --enable-libsvtav1 --enable-libvvenc --enable-libwebp --enable-libx264 --enable-libx265 --enable-libxavs2 --enable-libxeve --enable-libxvid --enable-libaom --enable-libjxl --enable-libsvtjpegxs --enable-libvpx --enable-mediafoundation --enable-libass --enable-frei0r --enable-libfreetype --enable-libfribidi --enable-libharfbuzz --enable-liblensfun --enable-libvidstab --enable-libvmaf --enable-libzimg --enable-amf --enable-cuda-llvm --enable-cuvid --enable-dxva2 --enable-d3d11va --enable-d3d12va --enable-ffnvcodec --enable-libvpl --enable-nvdec --enable-nvenc --enable-vaapi --enable-vulkan --enable-libplacebo --enable-opencl --enable-libcdio --enable-openal --enable-libgme --enable-libmodplug --enable-libopenmpt --enable-libopencore-amrwb --enable-libmp3lame --enable-libshine --enable-libtheora --enable-libtwolame --enable-libvo-amrwbenc --enable-libcodec2 --enable-libilbc --enable-libgsm --enable-liblc3 --enable-libopencore-amrnb --enable-libopus --enable-libspeex --enable-libvorbis --enable-ladspa --enable-libbs2b --enable-libflite --enable-libmysofa --enable-librubberband --enable-libsoxr --enable-chromaprint --enable-whisper
  libavutil      61.  1.100 / 61.  1.100
  libavcodec     63.  1.100 / 63.  1.100
  libavformat    63.  1.100 / 63.  1.100
  libavdevice    63.  1.100 / 63.  1.100
  libavfilter    12.  1.100 / 12.  1.100
  libswscale     10.  1.100 / 10.  1.100
  libswresample   7.  1.100 /  7.  1.100
Fontconfig error: Cannot load default config file: File not found

2026-08-15 12:18:03,197 [INFO] === DoxHayx Shorts Pipeline 시작 (dry_run=False) ===
2026-08-15 12:18:03,198 [INFO] 자동 선택 주제 (day=227): 혈관 건강에 좋은 식품 TOP 3
2026-08-15 12:18:03,291 [INFO] 썸네일 생성: C:\Users\ACECOM\DoxHayx\my--shopping-mall\scripts\output\thumbnail_20260815.jpg
2026-08-15 12:18:03,292 [INFO] FFmpeg 실행 중...
2026-08-15 12:18:04,870 [ERROR] FFmpeg 오류:
ble-lcms2 --enable-libxml2 --enable-gmp --enable-bzlib --enable-lzma --enable-libsnappy --enable-zlib --enable-librist --enable-libsrt --enable-libssh --enable-libzmq --enable-avisynth --enable-libbluray --enable-libcaca --enable-libdvdnav --enable-libdvdread --enable-sdl2 --enable-libaribb24 --enable-libaribcaption --enable-libdav1d --enable-libdavs2 --enable-libopenjpeg --enable-libquirc --enable-libuavs3d --enable-libxevd --enable-libzvbi --enable-liboapv --enable-libqrencode --enable-librav1e --enable-libsvtav1 --enable-libvvenc --enable-libwebp --enable-libx264 --enable-libx265 --enable-libxavs2 --enable-libxeve --enable-libxvid --enable-libaom --enable-libjxl --enable-libsvtjpegxs --enable-libvpx --enable-mediafoundation --enable-libass --enable-frei0r --enable-libfreetype --enable-libfribidi --enable-libharfbuzz --enable-liblensfun --enable-libvidstab --enable-libvmaf --enable-libzimg --enable-amf --enable-cuda-llvm --enable-cuvid --enable-dxva2 --enable-d3d11va --enable-d3d12va --enable-ffnvcodec --enable-libvpl --enable-nvdec --enable-nvenc --enable-vaapi --enable-vulkan --enable-libplacebo --enable-opencl --enable-libcdio --enable-openal --enable-libgme --enable-libmodplug --enable-libopenmpt --enable-libopencore-amrwb --enable-libmp3lame --enable-libshine --enable-libtheora --enable-libtwolame --enable-libvo-amrwbenc --enable-libcodec2 --enable-libilbc --enable-libgsm --enable-liblc3 --enable-libopencore-amrnb --enable-libopus --enable-libspeex --enable-libvorbis --enable-ladspa --enable-libbs2b --enable-libflite --enable-libmysofa --enable-librubberband --enable-libsoxr --enable-chromaprint --enable-whisper
  libavutil      61.  1.100 / 61.  1.100
  libavcodec     63.  1.100 / 63.  1.100
  libavformat    63.  1.100 / 63.  1.100
  libavdevice    63.  1.100 / 63.  1.100
  libavfilter    12.  1.100 / 12.  1.100
  libswscale     10.  1.100 / 10.  1.100
  libswresample   7.  1.100 /  7.  1.100
Fontconfig error: Cannot load default config file: File not found

2026-08-15 12:19:29,485 [INFO] === DoxHayx Shorts Pipeline 시작 (dry_run=False) ===
2026-08-15 12:19:29,486 [INFO] 자동 선택 주제 (day=227): 혈관 건강에 좋은 식품 TOP 3
2026-08-15 12:19:29,595 [INFO] 썸네일 생성: C:\Users\ACECOM\DoxHayx\my--shopping-mall\scripts\output\thumbnail_20260815.jpg
2026-08-15 12:19:29,596 [INFO] FFmpeg 실행 중...
2026-08-15 12:19:31,251 [ERROR] FFmpeg 오류:
ble-lcms2 --enable-libxml2 --enable-gmp --enable-bzlib --enable-lzma --enable-libsnappy --enable-zlib --enable-librist --enable-libsrt --enable-libssh --enable-libzmq --enable-avisynth --enable-libbluray --enable-libcaca --enable-libdvdnav --enable-libdvdread --enable-sdl2 --enable-libaribb24 --enable-libaribcaption --enable-libdav1d --enable-libdavs2 --enable-libopenjpeg --enable-libquirc --enable-libuavs3d --enable-libxevd --enable-libzvbi --enable-liboapv --enable-libqrencode --enable-librav1e --enable-libsvtav1 --enable-libvvenc --enable-libwebp --enable-libx264 --enable-libx265 --enable-libxavs2 --enable-libxeve --enable-libxvid --enable-libaom --enable-libjxl --enable-libsvtjpegxs --enable-libvpx --enable-mediafoundation --enable-libass --enable-frei0r --enable-libfreetype --enable-libfribidi --enable-libharfbuzz --enable-liblensfun --enable-libvidstab --enable-libvmaf --enable-libzimg --enable-amf --enable-cuda-llvm --enable-cuvid --enable-dxva2 --enable-d3d11va --enable-d3d12va --enable-ffnvcodec --enable-libvpl --enable-nvdec --enable-nvenc --enable-vaapi --enable-vulkan --enable-libplacebo --enable-opencl --enable-libcdio --enable-openal --enable-libgme --enable-libmodplug --enable-libopenmpt --enable-libopencore-amrwb --enable-libmp3lame --enable-libshine --enable-libtheora --enable-libtwolame --enable-libvo-amrwbenc --enable-libcodec2 --enable-libilbc --enable-libgsm --enable-liblc3 --enable-libopencore-amrnb --enable-libopus --enable-libspeex --enable-libvorbis --enable-ladspa --enable-libbs2b --enable-libflite --enable-libmysofa --enable-librubberband --enable-libsoxr --enable-chromaprint --enable-whisper
  libavutil      61.  1.100 / 61.  1.100
  libavcodec     63.  1.100 / 63.  1.100
  libavformat    63.  1.100 / 63.  1.100
  libavdevice    63.  1.100 / 63.  1.100
  libavfilter    12.  1.100 / 12.  1.100
  libswscale     10.  1.100 / 10.  1.100
  libswresample   7.  1.100 /  7.  1.100
Fontconfig error: Cannot load default config file: File not found

